ola
suren
meran
guren
faren
